===================================================================
  Voxtral Draft Head Overnight Pipeline
  Started: Fri Apr 10 21:12:09 EDT 2026
===================================================================

[1/3] Collecting training data from LibriSpeech test-clean...
      2,620 sentences, 8-step denoising, adaptive frame caps
      Checkpoints every 200 sentences

      Resuming from data/draft-pairs-libri.checkpoint.npz
Loading Voxtral 6bit...
Fetching 25 files:   0%|          | 0/25 [00:00<?, ?it/s]Fetching 25 files: 100%|██████████| 25/25 [00:00<00:00, 25942.01it/s]
Loaded local Tekken tokenizer from /Users/sethford/.cache/huggingface/hub/models--mlx-community--Voxtral-4B-TTS-2603-mlx-6bit/snapshots/11682c79d1bdda7a500fa146276459e3c6e253ad/tekken.json
  Loading transcripts from data/librispeech-sentences.txt...
  Loaded 2620 sentences
Collecting data from 2620 sentences (lookahead=3, denoise_steps=8, adaptive cap, checkpoint every 200)...
Resuming from sentence 2400 (23912 pairs in checkpoint)

--- Batch 2400-2600 of 2620 ---
  [1/200] 34 frames (2.7s audio) in 0.9s: It spoils one's best work.
  [2/200] 50 frames (4.0s audio) in 1.3s: When i was a young man i thought paul was making too much of...
  [3/200] 79 frames (6.3s audio) in 2.1s: I did not then realize the importance of the ministry.
  [4/200] 210 frames (16.8s audio) in 5.4s [CAPPED@210]: I knew nothing of the doctrine of faith because we were taug...
  [5/200] 51 frames (4.1s audio) in 1.4s: This is no sinful pride it is holy pride.
  [6/200] 29 frames (2.3s audio) in 0.8s: And god the father who raised him from the dead.
  [7/200] 70 frames (5.6s audio) in 1.8s [CAPPED@70]: The clause seems superfluous on first sight.
  [8/200] 101 frames (8.1s audio) in 2.6s: These perverters of the righteousness of christ resist the f...
  [9/200] 46 frames (3.7s audio) in 1.2s: In this whole epistle paul treats of the resurrection of chr...
  [10/200] 180 frames (14.4s audio) in 4.7s [CAPPED@180]: By his resurrection christ won the victory over law sin fles...
  [11/200] 17 frames (1.4s audio) in 0.5s: Verse two.
  [12/200] 49 frames (3.9s audio) in 1.3s: And all the brethren which are with me.
  [13/200] 76 frames (6.1s audio) in 2.0s: This should go far in shutting the mouths of the false apost...
  [14/200] 260 frames (20.8s audio) in 6.7s [CAPPED@260]: Although the brethren with me are not apostles like myself y...
  [15/200] 95 frames (7.6s audio) in 2.5s: They do not go where the enemies of the gospel predominate t...
  [16/200] 158 frames (12.6s audio) in 4.2s: Why do they not invade the catholic provinces and preach the...
  [17/200] 80 frames (6.4s audio) in 2.1s: We look for that reward which eye hath not seen nor ear hear...
  [18/200] 55 frames (4.4s audio) in 1.5s: Not all the galatians had become perverted.
  [19/200] 24 frames (1.9s audio) in 0.7s: These means cannot be contaminated.
  [20/200] 45 frames (3.6s audio) in 1.2s: They remain divine regardless of men's opinion.
  [21/200] 113 frames (9.0s audio) in 2.9s: Wherever the means of grace are found there is the holy chur...
  [22/200] 170 frames (13.6s audio) in 4.4s [CAPPED@170]: So much for the title of the epistle now follows the greetin...
  [23/200] 99 frames (7.9s audio) in 2.6s: Grace be to you and peace from god the father and from our l...
  [24/200] 74 frames (5.9s audio) in 1.9s: The terms of grace and peace are common terms with paul and ...
  [25/200] 70 frames (5.6s audio) in 1.8s [CAPPED@70]: The greeting of the apostle is refreshing.
  [26/200] 91 frames (7.3s audio) in 2.4s: Grace involves the remission of sins peace and a happy consc...
  [27/200] 70 frames (5.6s audio) in 1.8s [CAPPED@70]: The world brands this a pernicious doctrine.
  [28/200] 28 frames (2.2s audio) in 0.8s: Experience proves this.
  [29/200] 31 frames (2.5s audio) in 0.8s: However the grace and peace of god will.
  [30/200] 48 frames (3.8s audio) in 1.3s: Men should not speculate about the nature of god.
  [31/200] 54 frames (4.3s audio) in 1.4s: Was it not enough to say from god the father.
  [32/200] 229 frames (18.3s audio) in 5.9s [CAPPED@229]: To do so is to lose god altogether because god becomes intol...
  [33/200] 290 frames (23.2s audio) in 7.5s [CAPPED@290]: He came down to earth lived among men suffered was crucified...
  [34/200] 55 frames (4.4s audio) in 1.5s: Embrace him and forget about the nature of god.
  [35/200] 105 frames (8.4s audio) in 2.7s: Did not christ himself say i am the way and the truth and th...
  [36/200] 220 frames (17.6s audio) in 5.7s [CAPPED@220]: When you argue about the nature of god apart from the questi...
  [37/200] 72 frames (5.8s audio) in 1.9s: We are to hear christ who has been appointed by the father a...
  [38/200] 97 frames (7.8s audio) in 2.5s: At the same time paul confirms our creed that christ is very...
  [39/200] 167 frames (13.4s audio) in 4.3s: That christ is very god is apparent in that paul ascribes to...
  [40/200] 105 frames (8.4s audio) in 2.7s: To bestow peace and grace lies in the province of god who al...
  [41/200] 116 frames (9.3s audio) in 3.0s: Otherwise paul should have written grace from god the father...
  [42/200] 229 frames (18.3s audio) in 5.9s [CAPPED@229]: The arians took christ for a noble and perfect creature supe...
  [43/200] 60 frames (4.8s audio) in 1.6s [CAPPED@60]: Mohammed also speaks highly of christ.
  [44/200] 46 frames (3.7s audio) in 1.2s: Paul sticks to his theme.
  [45/200] 65 frames (5.2s audio) in 1.7s: He never loses sight of the purpose of his epistle.
  [46/200] 91 frames (7.3s audio) in 2.4s: Not gold or silver or paschal lambs or an angel but himself ...
  [47/200] 73 frames (5.8s audio) in 1.9s: Not for a crown or a kingdom or our goodness but for our sin...
  [48/200] 120 frames (9.6s audio) in 3.1s [CAPPED@120]: Underscore these words for they are full of comfort for sore...
  [49/200] 36 frames (2.9s audio) in 1.0s: How may we obtain remission of our sins.
  [50/200] 116 frames (9.3s audio) in 3.0s: Paul answers the man who is named jesus christ and the son o...
  [51/200] 210 frames (16.8s audio) in 5.4s [CAPPED@210]: Since christ was given for our sins it stands to reason that...
  [52/200] 240 frames (19.2s audio) in 6.2s [CAPPED@240]: This sentence also defines our sins as great so great in fac...
  [53/200] 64 frames (5.1s audio) in 1.7s: The greatness of the ransom christ the son of god indicates ...
  [54/200] 69 frames (5.5s audio) in 1.8s: The vicious character of sin is brought out by the words who...
  [55/200] 57 frames (4.6s audio) in 1.5s: But we are careless we make light of sin.
  [56/200] 65 frames (5.2s audio) in 1.7s: We think that by some little work or merit we can dismiss si...
  [57/200] 138 frames (11.0s audio) in 3.6s: This passage then bears out the fact that all men are sold u...
  [58/200] 401 frames (32.1s audio) in 11.7s: This attitude springs from a false conception of sin the con...
  [59/200] 64 frames (5.1s audio) in 2.0s: This attitude is universal and particularly developed in tho...
  [60/200] 85 frames (6.8s audio) in 2.4s: But the real significance and comfort of the words for our s...
  [61/200] 140 frames (11.2s audio) in 3.6s: On the other hand we are not to regard them as so terrible t...
  [62/200] 145 frames (11.6s audio) in 3.8s: To celebrate the arrival of her son silvia gave a splendid s...
  [63/200] 300 frames (24.0s audio) in 7.7s [CAPPED@300]: Without saying it positively she made me understand that bei...
  [64/200] 111 frames (8.9s audio) in 2.9s: In order to please her i spoke to her of the abbe conti and ...
  [65/200] 500 frames (40.0s audio) in 12.9s [CAPPED@500]: Madam corrected me with a patronizing air for my pronunciati...
  [66/200] 200 frames (16.0s audio) in 5.2s: Her face was an enigma for it inspired everyone with the war...
  [67/200] 409 frames (32.7s audio) in 10.6s [CAPPED@409]: Silvia was the adoration of france and her talent was the re...
  [68/200] 500 frames (40.0s audio) in 12.9s [CAPPED@500]: Silvia did not think that her good conduct was a merit for s...
  [69/200] 310 frames (24.8s audio) in 8.0s [CAPPED@310]: Two years before her death i saw her perform the character o...
  [70/200] 374 frames (29.9s audio) in 9.7s: She was honourably buried in the church of saint sauveur wit...
  [71/200] 334 frames (26.7s audio) in 8.7s: You will forgive me dear reader if i have made you attend th...
  [72/200] 33 frames (2.6s audio) in 0.9s: I never had any family.
  [73/200] 98 frames (7.8s audio) in 2.6s: I had a name i believe in my young days but i have forgotten...
  [74/200] 33 frames (2.6s audio) in 0.9s: I shall call you esprit.
  [75/200] 24 frames (1.9s audio) in 0.7s: You do me a great honour.
  [76/200] 130 frames (10.4s audio) in 3.3s [CAPPED@130]: Here go and get me change for a louis i have it sir.
  [77/200] 50 frames (4.0s audio) in 1.3s [CAPPED@50]: At your service sir.
  [78/200] 70 frames (5.6s audio) in 1.8s [CAPPED@70]: Madame quinson besides can answer your enquiries.
  [79/200] 251 frames (20.1s audio) in 6.5s: I see a quantity of chairs for hire at the rate of one sou m...
  [80/200] 76 frames (6.1s audio) in 2.0s: I sit down at a small table a waiter comes immediately to en...
  [81/200] 77 frames (6.2s audio) in 2.0s: I tell him to give me some coffee if it is good.
  [82/200] 450 frames (36.0s audio) in 11.7s [CAPPED@450]: Then turning towards me he says that i look like a foreigner...
  [83/200] 51 frames (4.1s audio) in 1.4s: I thank him and take my leave.
  [84/200] 133 frames (10.6s audio) in 3.5s: I address him in italian and he answers very wittily but his...
  [85/200] 300 frames (24.0s audio) in 7.9s [CAPPED@300]: My remark pleases him but i soon prove to him that it is not...
  [86/200] 82 frames (6.6s audio) in 2.2s: I see a crowd in one corner of the garden everybody standing...
  [87/200] 43 frames (3.4s audio) in 1.2s: Is there not a meridian everywhere.
  [88/200] 120 frames (9.6s audio) in 3.2s [CAPPED@120]: Yes but the meridian of the palais royal is the most exact.
  [89/200] 29 frames (2.3s audio) in 0.8s: That is true badauderie.
  [90/200] 69 frames (5.5s audio) in 1.8s: All these honest persons are waiting their turn to get their...
  [91/200] 88 frames (7.0s audio) in 2.4s: It is sold everywhere but for the last three weeks nobody wi...
  [92/200] 19 frames (1.5s audio) in 0.5s: Is it better than anywhere else.
  [93/200] 30 frames (2.4s audio) in 0.8s: But how did she manage to render it so fashionable.
  [94/200] 400 frames (32.0s audio) in 10.5s [CAPPED@400]: Simply by stopping her carriage two or three times before th...
  [95/200] 394 frames (31.5s audio) in 10.4s: You are now in the only country in the world where wit can m...
  [96/200] 238 frames (19.0s audio) in 6.3s: Let a man run and everybody will run after him the crowd wil...
  [97/200] 500 frames (40.0s audio) in 13.0s [CAPPED@500]: It seems to me i replied that such approval such ratificatio...
  [98/200] 71 frames (5.7s audio) in 2.0s: When the king comes to paris everybody calls out vive le roi...
  [99/200] 102 frames (8.2s audio) in 2.7s: She introduced me to all her guests and gave me some particu...
  [100/200] 55 frames (4.4s audio) in 1.5s: What sir i said to him am i fortunate enough to see you.
  [101/200] 250 frames (20.0s audio) in 6.5s [CAPPED@250]: He himself recited the same passage in french and politely p...
  [102/200] 92 frames (7.4s audio) in 2.4s: For the first day sir i think that what you have done gives ...
  [103/200] 174 frames (13.9s audio) in 4.6s: I believe it sir and that is what i fear therefore the princ...
  [104/200] 192 frames (15.4s audio) in 5.0s: I am a very unpleasant pupil always asking questions curious...
  [105/200] 90 frames (7.2s audio) in 2.3s [CAPPED@90]: I reside in the marais rue de douze portes.
  [106/200] 58 frames (4.6s audio) in 1.5s: I will make you translate them into french and you need not ...
  [107/200] 333 frames (26.6s audio) in 8.7s: He had a good appetite could tell a good story without laugh...
  [108/200] 170 frames (13.6s audio) in 4.4s: His housekeeper had the management of everything she never a...
  [109/200] 330 frames (26.4s audio) in 8.5s [CAPPED@330]: Brighter than early dawn's most brilliant dye are blown clea...
  [110/200] 243 frames (19.4s audio) in 6.3s: Guided by you how we might stroll towards death our only mus...
  [111/200] 8 frames (0.6s audio) in 0.3s: Venice.
  [112/200] 154 frames (12.3s audio) in 4.0s: In a sunset glowing of crimson and gold she lies the glory o...
  [113/200] 53 frames (4.2s audio) in 1.4s: The pity that we must come and go.
  [114/200] 107 frames (8.6s audio) in 2.8s: While the old gold and the marble stays forever gleaming its...
  [115/200] 120 frames (9.6s audio) in 3.1s: The pleasant graveyard of my soul with sentimental cypress t...
  [116/200] 98 frames (7.8s audio) in 2.6s: It is my heart hung in the sky and no clouds ever float betw...
  [117/200] 68 frames (5.4s audio) in 1.8s: Over the track lined city street the young men the grinning ...
  [118/200] 459 frames (36.7s audio) in 11.9s [CAPPED@459]: Ho ye sails that seem to wander in dream filled meadows say ...
  [119/200] 85 frames (6.8s audio) in 2.3s: Old dances are simplified of their yearning bleached by time...
  [120/200] 21 frames (1.7s audio) in 0.6s: He had got into her courtyard.
  [121/200] 65 frames (5.2s audio) in 1.7s: Through the black night rain he sang to her window bars.
  [122/200] 57 frames (4.6s audio) in 1.5s: That was but rustling of dripping plants in the dark.
  [123/200] 15 frames (1.2s audio) in 0.4s: She was alone that night.
  [124/200] 34 frames (2.7s audio) in 0.9s: He had broken into her courtyard.
  [125/200] 138 frames (11.0s audio) in 3.6s: Then he rushed down stairs into the courtyard shouting loudl...
  [126/200] 101 frames (8.1s audio) in 2.7s: Hold him fast my men and as soon as i've had my coffee and o...
  [127/200] 120 frames (9.6s audio) in 3.2s: I wouldn't mind a cup o coffee myself said cap'n bill i've h...
  [128/200] 120 frames (9.6s audio) in 3.1s [CAPPED@120]: But cap'n bill made no such attempt knowing it would be usel...
  [129/200] 81 frames (6.5s audio) in 2.1s: As soon as they entered the room of the great knife the bool...
  [130/200] 155 frames (12.4s audio) in 4.1s: The room of the great knife was high and big and around it r...
  [131/200] 210 frames (16.8s audio) in 5.5s: In one place at the head of the room was a raised platform f...
  [132/200] 93 frames (7.4s audio) in 2.4s: Therefore her majesty paid no attention to anyone and no one...
  [133/200] 229 frames (18.3s audio) in 7.3s [CAPPED@229]: Rich jewels of blue stones glittered upon their persons and ...
  [134/200] 27 frames (2.2s audio) in 0.9s: Mornin girls hope ye feel as well as ye look.
  [135/200] 320 frames (25.6s audio) in 8.9s [CAPPED@320]: Control yourselves my dears replied the boolooroo the worst ...
  [136/200] 50 frames (4.0s audio) in 1.3s [CAPPED@50]: Suppose it's a friend.
  [137/200] 50 frames (4.0s audio) in 1.3s [CAPPED@50]: The captain shook his head.
  [138/200] 138 frames (11.0s audio) in 3.7s: Why you said to fetch the first living creature we met and t...
  [139/200] 270 frames (21.6s audio) in 7.1s [CAPPED@270]: The idea of patching cap'n bill to a goat was vastly amusing...
  [140/200] 284 frames (22.7s audio) in 7.4s: They look something alike you know suggested the captain of ...
  [141/200] 44 frames (3.5s audio) in 1.2s: Fine glorious.
  [142/200] 163 frames (13.0s audio) in 4.3s: When this had been accomplished the boolooroo leaned over to...
  [143/200] 92 frames (7.4s audio) in 2.4s: At once the goat gave a leap escaped from the soldiers and w...
  [144/200] 183 frames (14.6s audio) in 4.8s: Before any could stop him he butted his majesty so furiously...
  [145/200] 75 frames (6.0s audio) in 2.0s: The goat's warlike spirit was roused by this successful atta...
  [146/200] 450 frames (36.0s audio) in 11.8s [CAPPED@450]: Then they sped in great haste for the door and the goat gave...
  [147/200] 71 frames (5.7s audio) in 1.9s: I had a notion it was you mate as saved me from the knife.
  [148/200] 96 frames (7.7s audio) in 2.5s: I couldn't shiver much bein bound so tight but when i'm loos...
  [149/200] 57 frames (4.6s audio) in 1.5s: Come and get the boolooroo she said going toward the benches...
  [150/200] 169 frames (13.5s audio) in 4.4s: So they were quite willing to obey the orders of their girl ...
  [151/200] 192 frames (15.4s audio) in 5.1s: Then they all marched out a little way into the fields and f...
  [152/200] 330 frames (26.4s audio) in 8.6s [CAPPED@330]: At the head of the pinkies were ghip ghisizzle and button br...
  [153/200] 117 frames (9.4s audio) in 3.1s: When the blueskins saw ghip ghisizzle they raised another gr...
  [154/200] 370 frames (29.6s audio) in 9.7s [CAPPED@370]: Since last thursday i ghip ghisizzle have been the lawful bo...
  [155/200] 60 frames (4.8s audio) in 1.6s [CAPPED@60]: When he finished she said cheerfully.
  [156/200] 66 frames (5.3s audio) in 1.8s: Don't worry sizzle dear it'll all come right pretty soon.
  [157/200] 124 frames (9.9s audio) in 3.3s: Now then let's enter the city an enjoy the grand feast that'...
  [158/200] 101 frames (8.1s audio) in 2.7s: Then she gave rosalie back her magic ring thanking the kind ...
  [159/200] 27 frames (2.2s audio) in 0.7s: You are mate replied the sailor.
  [160/200] 60 frames (4.8s audio) in 1.6s [CAPPED@60]: It will be such a satisfaction.
  [161/200] 273 frames (21.8s audio) in 7.1s: The guards had a terrible struggle with the goat which was l...
  [162/200] 280 frames (22.4s audio) in 7.3s [CAPPED@280]: I'll gladly do that promised the new boolooroo and i'll feed...
  [163/200] 83 frames (6.6s audio) in 2.2s: Scuse me said trot i neglected to tell you that you're not t...
  [164/200] 50 frames (4.0s audio) in 1.3s [CAPPED@50]: The former boolooroo groaned.
  [165/200] 88 frames (7.0s audio) in 2.4s: I'll not be wicked any more sighed the old boolooroo i'll re...
  [166/200] 74 frames (5.9s audio) in 1.9s: As a private citizen i shall be a model of deportment becaus...
  [167/200] 177 frames (14.2s audio) in 4.6s: When first they entered the throne room they tried to be as ...
  [168/200] 210 frames (16.8s audio) in 5.4s [CAPPED@210]: So ghip ghisizzle ordered the captain to take a file of sold...
  [169/200] 99 frames (7.9s audio) in 2.6s: That evening trot gave a grand ball in the palace to which t...
  [170/200] 84 frames (6.7s audio) in 2.2s: The combined bands of both the countries played the music an...
  [171/200] 211 frames (16.9s audio) in 5.5s: Under the simple test of effectiveness for advertising we sh...
  [172/200] 500 frames (40.0s audio) in 13.0s [CAPPED@500]: But the actual course of development has been somewhat diffe...
  [173/200] 210 frames (16.8s audio) in 5.5s [CAPPED@210]: Other circumstances permitting that instinct disposes men to...
  [174/200] 500 frames (40.0s audio) in 13.1s [CAPPED@500]: A reconciliation between the two conflicting requirements is...
  [175/200] 130 frames (10.4s audio) in 3.4s [CAPPED@130]: The salient features of this development of domestic service...
  [176/200] 370 frames (29.6s audio) in 9.8s [CAPPED@370]: Throughout the entire evolution of conspicuous expenditure w...
  [177/200] 87 frames (7.0s audio) in 2.4s: As used in the speech of everyday life the word carries an u...
  [178/200] 165 frames (13.2s audio) in 4.4s: The use of the word waste as a technical term therefore impl...
  [179/200] 129 frames (10.3s audio) in 3.4s: But it is on other grounds worth noting that the term waste ...
  [180/200] 270 frames (21.6s audio) in 7.1s [CAPPED@270]: In strict accuracy nothing should be included under the head...
  [181/200] 150 frames (12.0s audio) in 4.0s: An article may be useful and wasteful both and its utility t...
  [182/200] 206 frames (16.5s audio) in 5.5s: But already at a point in economic evolution far antedating ...
  [183/200] 103 frames (8.2s audio) in 2.8s: The utility of consumption as an evidence of wealth is to be...
  [184/200] 289 frames (23.1s audio) in 7.7s: Such consumption as falls to the women is merely incidental ...
  [185/200] 500 frames (40.0s audio) in 13.3s [CAPPED@500]: With a further advance in culture this tabu may change into ...
  [186/200] 81 frames (6.5s audio) in 2.2s: In the nature of things luxuries and the comforts of life be...
  [187/200] 200 frames (16.0s audio) in 5.3s [CAPPED@200]: Under the tabu certain victuals and more particularly certai...
  [188/200] 197 frames (15.8s audio) in 5.2s: Drunkenness and the other pathological consequences of the f...
  [189/200] 192 frames (15.4s audio) in 5.1s: It has even happened that the name for certain diseased cond...
  [190/200] 128 frames (10.2s audio) in 3.4s: The consumption of luxuries in the true sense is a consumpti...
  [191/200] 340 frames (27.2s audio) in 9.0s [CAPPED@340]: With many qualifications with more qualifications as the pat...
  [192/200] 370 frames (29.6s audio) in 9.7s [CAPPED@370]: The objection of course presents itself that expenditure on ...
  [193/200] 320 frames (25.6s audio) in 8.4s [CAPPED@320]: The custom of festive gatherings probably originated in moti...
  [194/200] 100 frames (8.0s audio) in 2.6s: There is a more or less elaborate system of rank and grades.
  [195/200] 139 frames (11.1s audio) in 3.7s: This differentiation is furthered by the inheritance of weal...
  [196/200] 165 frames (13.2s audio) in 4.4s: Many of these affiliated gentlemen of leisure are at the sam...
  [197/200] 126 frames (10.1s audio) in 3.4s: So many of them however as make up the retainer and hangers ...
  [198/200] 305 frames (24.4s audio) in 8.1s: Many of these again and also many of the other aristocracy o...
  [199/200] 260 frames (20.8s audio) in 8.8s [CAPPED@260]: The wearing of uniforms or liveries implies a considerable d...
  [200/200] 240 frames (19.2s audio) in 6.3s [CAPPED@240]: The wearers of uniforms and liveries may be roughly divided ...
  Checkpoint: 53803 pairs saved to data/draft-pairs-libri.checkpoint.npz (15min elapsed, ~0min remaining)

--- Batch 2600-2620 of 2620 ---
  [1/20] 79 frames (6.3s audio) in 2.1s: But the general distinction is not on that account to be ove...
  [2/20] 409 frames (32.7s audio) in 10.7s [CAPPED@409]: So those offices which are by right the proper employment of...
  [3/20] 212 frames (17.0s audio) in 5.5s: Whenever as in these cases the menial service in question ha...
  [4/20] 37 frames (3.0s audio) in 1.0s: The livery becomes obnoxious to nearly all who are required ...
  [5/20] 122 frames (9.8s audio) in 3.2s: In a general way though not wholly nor consistently these tw...
  [6/20] 470 frames (37.6s audio) in 12.2s [CAPPED@470]: The dependent who was first delegated for these duties was t...
  [7/20] 135 frames (10.8s audio) in 3.6s: But as we descend the social scale the point is presently re...
  [8/20] 119 frames (9.5s audio) in 3.1s: In the communities of the western culture this point is at p...
  [9/20] 122 frames (9.8s audio) in 3.2s: If beauty or comfort is achieved and it is a more or less fo...
  [10/20] 390 frames (31.2s audio) in 10.2s: The man of the household also can do something in this direc...
  [11/20] 229 frames (18.3s audio) in 6.0s [CAPPED@229]: Very much of squalor and discomfort will be endured before t...
  [12/20] 175 frames (14.0s audio) in 4.6s: There is no class and no country that has yielded so abjectl...
  [13/20] 107 frames (8.6s audio) in 2.8s: The question is which of the two methods will most effective...
  [14/20] 140 frames (11.2s audio) in 3.7s [CAPPED@140]: Each will therefore serve about equally well during the earl...
  [15/20] 140 frames (11.2s audio) in 3.7s [CAPPED@140]: The modern organization of industry works in the same direct...
  [16/20] 128 frames (10.2s audio) in 3.4s: It is evident therefore that the present trend of the develo...
  [17/20] 500 frames (40.0s audio) in 13.1s [CAPPED@500]: It is also noticeable that the serviceability of consumption...
  [18/20] 56 frames (4.5s audio) in 1.5s: Consumption becomes a larger element in the standard of livi...
  [19/20] 330 frames (26.4s audio) in 8.6s [CAPPED@330]: Among the country population its place is to some extent tak...
  [20/20] 260 frames (20.8s audio) in 6.7s [CAPPED@260]: The result is a great mobility of the labor employed in prin...
  Checkpoint: 57903 pairs saved to data/draft-pairs-libri.checkpoint.npz (18min elapsed, ~0min remaining)

Saved 57903 pairs to data/draft-pairs-libri.npz
  hiddens: (57903, 3072) (float32)
  target_1: (57903, 37)
  target_2: (57903, 37)
  target_3: (57903, 37)
  Total time: 17.6min (1054s)
  File size: 340.4MB

===================================================================
[1/3] Data collection complete at Fri Apr 10 21:30:58 EDT 2026
===================================================================

[2/3] Training 3 draft heads (20 epochs, batch=256, lr=1e-3)...

Loading training data from data/draft-pairs-libri.npz...
  57903 training pairs, hidden_dim=3072
  227 batches/epoch, 20 epochs
  epoch   1/20: loss=44.8386 (5.0s)
  epoch   2/20: loss=34.6610 (4.8s)
  epoch   3/20: loss=30.4137 (4.9s)
  epoch   4/20: loss=27.0495 (4.9s)
  epoch   5/20: loss=24.2305 (5.0s)
  epoch   6/20: loss=21.7666 (4.9s)
  epoch   7/20: loss=19.6388 (4.8s)
  epoch   8/20: loss=17.8349 (4.9s)
  epoch   9/20: loss=16.2292 (5.0s)
  epoch  10/20: loss=14.9230 (4.9s)
  epoch  11/20: loss=13.7770 (4.9s)
  epoch  12/20: loss=12.7710 (5.0s)
  epoch  13/20: loss=11.9737 (4.9s)
  epoch  14/20: loss=11.2525 (4.9s)
  epoch  15/20: loss=10.6161 (4.9s)
  epoch  16/20: loss=10.1330 (5.0s)
  epoch  17/20: loss=9.6789 (4.9s)
  epoch  18/20: loss=9.3232 (4.9s)
  epoch  19/20: loss=9.0559 (4.8s)
  epoch  20/20: loss=8.7647 (5.0s)
Saved 24 weight tensors to adapters/draft-heads/heads-libri.safetensors

Training complete. Saved to adapters/draft-heads/heads-libri.safetensors

===================================================================
[2/3] Training complete at Fri Apr 10 21:32:38 EDT 2026
===================================================================

[3/3] Running benchmark (8-step, 4-step, speculative)...

Loading Voxtral 6bit...
Fetching 25 files:   0%|          | 0/25 [00:00<?, ?it/s]Fetching 25 files: 100%|██████████| 25/25 [00:00<00:00, 90943.28it/s]
Loaded local Tekken tokenizer from /Users/sethford/.cache/huggingface/hub/models--mlx-community--Voxtral-4B-TTS-2603-mlx-6bit/snapshots/11682c79d1bdda7a500fa146276459e3c6e253ad/tekken.json

[1/3] Benchmarking: Standard 8-step denoising

================================================================================
  Standard (8-step, 6bit)
================================================================================
  Sentence                                      Words  Audio    Gen     RTF
  --------------------------------------------- ----- ------ ------ -------
  Hello there.                                      2   4.0s  1.32s  0.329x
  The quick brown fox jumps over the lazy dog..     9   2.9s  0.97s  0.337x
  How are you doing today? I hope everything ..    13   3.3s  1.11s  0.340x
  Machine learning models can now generate hu..    15   8.7s  2.82s  0.324x
  The weather today is sunny with a high of s..    19   5.0s  1.67s  0.336x
  To be or not to be, that is the question. W..    25  16.3s  5.25s  0.322x
  In a hole in the ground there lived a hobbi..    26   8.7s  2.88s  0.331x
  The acoustic transformer uses Euler integra..    17  13.6s  4.30s  0.316x
  One, two, three, four, five. Testing numeri..    16   7.8s  2.49s  0.321x
  Can you believe it? This is amazing! I neve..    15   4.9s  1.61s  0.330x

  Summary:
    Mean RTF:    0.3285x (3.0x real-time)
    Median RTF:  0.3295x
    Total audio: 75.1s generated in 24.4s

[2/3] Benchmarking: Reduced 4-step denoising

================================================================================
  Reduced denoising (4-step, 6bit)
================================================================================
  Sentence                                      Words  Audio    Gen     RTF
  --------------------------------------------- ----- ------ ------ -------
  Hello there.                                      2   4.0s  0.79s  0.198x
  The quick brown fox jumps over the lazy dog..     9   4.2s  0.83s  0.199x
  How are you doing today? I hope everything ..    13   4.2s  0.82s  0.198x
  Machine learning models can now generate hu..    15   9.1s  1.76s  0.193x
  The weather today is sunny with a high of s..    19   7.9s  1.55s  0.196x
  To be or not to be, that is the question. W..    25  20.0s  3.88s  0.194x
  In a hole in the ground there lived a hobbi..    26   6.9s  1.36s  0.198x
  The acoustic transformer uses Euler integra..    17  13.6s  2.60s  0.191x
  One, two, three, four, five. Testing numeri..    16  12.8s  2.46s  0.192x
  Can you believe it? This is amazing! I neve..    15   6.6s  1.31s  0.199x

  Summary:
    Mean RTF:    0.1958x (5.1x real-time)
    Median RTF:  0.1968x
    Total audio: 89.2s generated in 17.4s

[3/3] Benchmarking: Speculative decoding (4-step + draft heads)

================================================================================
  Speculative (4-step + draft heads, 6bit)
================================================================================
  Sentence                                      Words  Audio    Gen     RTF
  --------------------------------------------- ----- ------ ------ -------
  Hello there.                                      2   4.0s  0.89s  0.223x
  The quick brown fox jumps over the lazy dog..     9   7.2s  1.44s  0.200x
  How are you doing today? I hope everything ..    13   5.9s  1.19s  0.201x
  Machine learning models can now generate hu..    15   6.2s  1.27s  0.203x
  The weather today is sunny with a high of s..    19   6.7s  1.35s  0.201x
  To be or not to be, that is the question. W..    25  20.0s  3.95s  0.198x
  In a hole in the ground there lived a hobbi..    26   9.5s  1.91s  0.201x
  The acoustic transformer uses Euler integra..    17  13.6s  2.67s  0.196x
  One, two, three, four, five. Testing numeri..    16  12.8s  2.53s  0.198x
  Can you believe it? This is amazing! I neve..    15  12.0s  2.35s  0.196x

  Summary:
    Mean RTF:    0.2016x (5.0x real-time)
    Median RTF:  0.2003x
    Total audio: 98.0s generated in 19.6s
    Mean acceptance: 38.2%
    Mean acoustic similarity: 80.5%

================================================================================
  COMPARISON SUMMARY
================================================================================
  standard_8step            mean RTF=0.3285x  (3.0x real-time)
  reduced_4step             mean RTF=0.1958x  (5.1x real-time)
  speculative               mean RTF=0.2016x  (5.0x real-time)

Results saved to proof-artifacts/benchmark-libri.json

===================================================================
  Pipeline complete at Fri Apr 10 21:33:42 EDT 2026
===================================================================
EXIT:0
